// Jest Snapshot v1, https://goo.gl/fbAQLP

exports[`renders homepage unchanged 1`] = `
<div>
  <div>
    <nav
      class="navContainer"
      id="navigation"
    >
      <ul>
        <li>
          <a
            href="#hero"
          >
            <span
              style="box-sizing: border-box; display: inline-block; overflow: hidden; background: none; opacity: 1; border: 0px; margin: 0px; padding: 0px; position: relative; max-width: 100%;"
            >
              <span
                style="box-sizing: border-box; display: block; background: none; opacity: 1; border: 0px; margin: 0px; padding: 0px; max-width: 100%;"
              >
                <img
                  alt=""
                  aria-hidden="true"
                  src="data:image/svg+xml,%3csvg%20xmlns=%27http://www.w3.org/2000/svg%27%20version=%271.1%27%20width=%2750%27%20height=%2750%27/%3e"
                  style="display: block; max-width: 100%; background: none; opacity: 1; border: 0px; margin: 0px; padding: 0px;"
                />
              </span>
              <img
                data-nimg="intrinsic"
                decoding="async"
                src="data:image/gif;base64,R0lGODlhAQABAIAAAAAAAP///yH5BAEAAAAALAAAAAABAAEAAAIBRAA7"
                style="position: absolute; top: 0px; left: 0px; bottom: 0px; right: 0px; box-sizing: border-box; padding: 0px; margin: auto; display: block; width: 0px; height: 0px; min-width: 100%; max-width: 100%; min-height: 100%; max-height: 100%;"
              />
              <noscript />
            </span>
          </a>
        </li>
        <li>
          <a
            href="#about"
          >
            About
          </a>
        </li>
        <li>
          <a
            href="#services"
            id="Services"
          >
            Services
          </a>
        </li>
        <li>
          <a
            href="#contact"
            id="Contact"
          >
            Contact
          </a>
        </li>
        <li>
          <a
            href="#gallery"
            id="Gallery"
          >
            Gallery
          </a>
        </li>
      </ul>
    </nav>
    <div
      class="landingContainer"
    >
      <span
        style="box-sizing: border-box; display: block; overflow: hidden; background: none; opacity: 1; border: 0px; margin: 0px; padding: 0px; position: absolute; top: 0px; left: 0px; bottom: 0px; right: 0px;"
      >
        <img
          alt="downtown boise idaho"
          class="heroImg"
          data-nimg="fill"
          decoding="async"
          src="data:image/gif;base64,R0lGODlhAQABAIAAAAAAAP///yH5BAEAAAAALAAAAAABAAEAAAIBRAA7"
          style="position: absolute; top: 0px; left: 0px; bottom: 0px; right: 0px; box-sizing: border-box; padding: 0px; margin: auto; display: block; width: 0px; height: 0px; min-width: 100%; max-width: 100%; min-height: 100%; max-height: 100%; object-fit: cover; object-position: top;"
        />
        <noscript />
      </span>
      <div>
        <h1>
          The Underground
          <span
            style="display: block;"
          >
            Barber Shop
          </span>
        </h1>
        <div />
      </div>
    </div>
    <section
      class="sectionContainer aboutContainer"
      id="about"
    >
      <div>
        <h2
          class="secondary"
        >
          biagio's 
          <span
            class="dark"
          >
            vision
          </span>
        </h2>
        logo here
      </div>
      <article>
        <p>
          Biagio has a strong aim for cutting and styling men's hair. Since 2001 he has welcomed clients into his shop and consulted with them on desired styles. He uses a plethora of different techniques but is well known across the treasure valley for having some of the best scissor work. Itâ€™s very easy for barbers to master a fade with clippers but having experience with scissor work is essential for being a well versed Barber. The services that Biagio offers are listed below:
        </p>
      </article>
      <ul>
        <li>
          Men's Hair Cut
        </li>
        <li>
          Shampoo & Conditioner
        </li>
        <li>
          Comedy Show
        </li>
        <li>
          All of this for $30
        </li>
      </ul>
    </section>
  </div>
</div>
`;
